2026-08-12 19:33:49,627 INFO app.application.processing.service event=job_processing_completed job_id=2c49caa9-38cf-4cd2-8d4b-d01a0257e220 template_id=indian_rice_exports stage=- duration_ms=-1.0
2026-08-12 19:34:26,583 ERROR app.api.errors event=System/Storage Error: Disk full {'path': '/tmp/secret/file.txt'} job_id=- template_id=- stage=- duration_ms=-1.0
2026-08-12 19:34:26,590 INFO httpx event=HTTP Request: GET http://testserver/error/storage "HTTP/1.1 500 Internal Server Error" job_id=- template_id=- stage=- duration_ms=-1.0
2026-08-12 19:34:26,607 INFO httpx event=HTTP Request: GET http://testserver/error/validation "HTTP/1.1 400 Bad Request" job_id=- template_id=- stage=- duration_ms=-1.0
2026-08-12 19:34:26,625 INFO httpx event=HTTP Request: GET http://testserver/error/job-not-found "HTTP/1.1 404 Not Found" job_id=- template_id=- stage=- duration_ms=-1.0
2026-08-12 19:34:26,828 INFO httpx event=HTTP Request: GET http://testserver/health "HTTP/1.1 200 OK" job_id=- template_id=- stage=- duration_ms=-1.0
2026-08-12 19:34:26,962 INFO app.application.jobs.service event=job_uploaded job_id=c38f4ef4-6b25-449e-943b-02669ee6b0da template_id=indian_rice_exports stage=- duration_ms=-1.0
2026-08-12 19:34:26,962 INFO app.api.routes.jobs event=job_uploaded job_id=c38f4ef4-6b25-449e-943b-02669ee6b0da template_id=indian_rice_exports stage=- duration_ms=-1.0
2026-08-12 19:34:26,967 INFO httpx event=HTTP Request: POST http://testserver/jobs "HTTP/1.1 200 OK" job_id=- template_id=- stage=- duration_ms=-1.0
2026-08-12 19:34:26,980 INFO httpx event=HTTP Request: GET http://testserver/jobs/c38f4ef4-6b25-449e-943b-02669ee6b0da "HTTP/1.1 200 OK" job_id=- template_id=- stage=- duration_ms=-1.0
2026-08-12 19:34:27,109 INFO app.application.jobs.service event=job_uploaded job_id=0b5f553d-a78d-41a3-bc6c-420221664ba4 template_id=indian_rice_exports stage=- duration_ms=-1.0
2026-08-12 19:34:27,109 INFO app.api.routes.jobs event=job_uploaded job_id=0b5f553d-a78d-41a3-bc6c-420221664ba4 template_id=indian_rice_exports stage=- duration_ms=-1.0
2026-08-12 19:34:27,113 INFO httpx event=HTTP Request: POST http://testserver/jobs "HTTP/1.1 200 OK" job_id=- template_id=- stage=- duration_ms=-1.0
2026-08-12 19:34:27,219 INFO httpx event=HTTP Request: POST http://testserver/jobs "HTTP/1.1 400 Bad Request" job_id=- template_id=- stage=- duration_ms=-1.0
2026-08-12 19:34:27,310 INFO httpx event=HTTP Request: POST http://testserver/jobs "HTTP/1.1 404 Not Found" job_id=- template_id=- stage=- duration_ms=-1.0
2026-08-12 19:34:27,437 INFO httpx event=HTTP Request: POST http://testserver/jobs "HTTP/1.1 400 Bad Request" job_id=- template_id=- stage=- duration_ms=-1.0
2026-08-12 19:34:27,537 INFO httpx event=HTTP Request: GET http://testserver/jobs/missing-job "HTTP/1.1 404 Not Found" job_id=- template_id=- stage=- duration_ms=-1.0
2026-08-12 19:34:27,714 INFO app.application.jobs.service event=job_uploaded job_id=1dd941f6-81f6-4e15-9efe-5ed215047adf template_id=indian_rice_exports stage=- duration_ms=-1.0
2026-08-12 19:34:27,714 INFO app.api.routes.jobs event=job_uploaded job_id=1dd941f6-81f6-4e15-9efe-5ed215047adf template_id=indian_rice_exports stage=- duration_ms=-1.0
2026-08-12 19:34:27,720 INFO httpx event=HTTP Request: POST http://testserver/jobs "HTTP/1.1 200 OK" job_id=- template_id=- stage=- duration_ms=-1.0
2026-08-12 19:34:27,735 INFO app.api.routes.jobs event=processing_triggered job_id=1dd941f6-81f6-4e15-9efe-5ed215047adf template_id=indian_rice_exports stage=- duration_ms=-1.0
2026-08-12 19:34:27,956 INFO app.application.processing.service event=job_processing_completed job_id=1dd941f6-81f6-4e15-9efe-5ed215047adf template_id=indian_rice_exports stage=- duration_ms=-1.0
2026-08-12 19:34:27,962 INFO httpx event=HTTP Request: POST http://testserver/jobs/1dd941f6-81f6-4e15-9efe-5ed215047adf/process "HTTP/1.1 200 OK" job_id=- template_id=- stage=- duration_ms=-1.0
2026-08-12 19:34:27,975 INFO httpx event=HTTP Request: GET http://testserver/jobs/1dd941f6-81f6-4e15-9efe-5ed215047adf "HTTP/1.1 200 OK" job_id=- template_id=- stage=- duration_ms=-1.0
2026-08-12 19:34:27,990 INFO app.api.routes.jobs event=output_downloaded job_id=1dd941f6-81f6-4e15-9efe-5ed215047adf template_id=- stage=outputs/accepted duration_ms=-1.0
2026-08-12 19:34:28,015 INFO httpx event=HTTP Request: GET http://testserver/jobs/1dd941f6-81f6-4e15-9efe-5ed215047adf/outputs/accepted "HTTP/1.1 200 OK" job_id=- template_id=- stage=- duration_ms=-1.0
2026-08-12 19:34:28,028 INFO app.api.routes.jobs event=output_downloaded job_id=1dd941f6-81f6-4e15-9efe-5ed215047adf template_id=- stage=outputs/rejected duration_ms=-1.0
2026-08-12 19:34:28,055 INFO httpx event=HTTP Request: GET http://testserver/jobs/1dd941f6-81f6-4e15-9efe-5ed215047adf/outputs/rejected "HTTP/1.1 200 OK" job_id=- template_id=- stage=- duration_ms=-1.0
2026-08-12 19:34:28,065 INFO app.api.routes.jobs event=output_downloaded job_id=1dd941f6-81f6-4e15-9efe-5ed215047adf template_id=- stage=outputs/review duration_ms=-1.0
2026-08-12 19:34:28,075 INFO httpx event=HTTP Request: GET http://testserver/jobs/1dd941f6-81f6-4e15-9efe-5ed215047adf/outputs/review "HTTP/1.1 200 OK" job_id=- template_id=- stage=- duration_ms=-1.0
2026-08-12 19:34:28,087 INFO app.api.routes.jobs event=output_downloaded job_id=1dd941f6-81f6-4e15-9efe-5ed215047adf template_id=- stage=outputs/report duration_ms=-1.0
2026-08-12 19:34:28,115 INFO httpx event=HTTP Request: GET http://testserver/jobs/1dd941f6-81f6-4e15-9efe-5ed215047adf/outputs/report "HTTP/1.1 200 OK" job_id=- template_id=- stage=- duration_ms=-1.0
2026-08-12 19:34:28,127 INFO app.api.routes.jobs event=report_requested job_id=1dd941f6-81f6-4e15-9efe-5ed215047adf template_id=indian_rice_exports stage=- duration_ms=-1.0
2026-08-12 19:34:28,133 INFO httpx event=HTTP Request: GET http://testserver/jobs/1dd941f6-81f6-4e15-9efe-5ed215047adf/report "HTTP/1.1 200 OK" job_id=- template_id=- stage=- duration_ms=-1.0
2026-08-12 19:34:28,228 INFO httpx event=HTTP Request: POST http://testserver/jobs/missing-job/process "HTTP/1.1 404 Not Found" job_id=- template_id=- stage=- duration_ms=-1.0
2026-08-12 19:34:28,325 INFO httpx event=HTTP Request: GET http://testserver/jobs/missing-job/outputs/accepted "HTTP/1.1 404 Not Found" job_id=- template_id=- stage=- duration_ms=-1.0
2026-08-12 19:34:28,480 INFO app.application.jobs.service event=job_uploaded job_id=cb29bb89-dada-4a51-b512-40b580ed79d3 template_id=indian_rice_exports stage=- duration_ms=-1.0
2026-08-12 19:34:28,480 INFO app.api.routes.jobs event=job_uploaded job_id=cb29bb89-dada-4a51-b512-40b580ed79d3 template_id=indian_rice_exports stage=- duration_ms=-1.0
2026-08-12 19:34:28,484 INFO httpx event=HTTP Request: POST http://testserver/jobs "HTTP/1.1 200 OK" job_id=- template_id=- stage=- duration_ms=-1.0
2026-08-12 19:34:28,498 INFO httpx event=HTTP Request: GET http://testserver/jobs/cb29bb89-dada-4a51-b512-40b580ed79d3/outputs/invalid_type "HTTP/1.1 404 Not Found" job_id=- template_id=- stage=- duration_ms=-1.0
2026-08-12 19:34:28,593 INFO httpx event=HTTP Request: GET http://testserver/jobs/missing-job/report "HTTP/1.1 404 Not Found" job_id=- template_id=- stage=- duration_ms=-1.0
2026-08-12 19:34:28,707 INFO app.application.jobs.service event=job_uploaded job_id=0e97f706-ebd0-41ec-add1-9440df5ce811 template_id=indian_rice_exports stage=- duration_ms=-1.0
2026-08-12 19:34:28,710 INFO app.api.routes.jobs event=job_uploaded job_id=0e97f706-ebd0-41ec-add1-9440df5ce811 template_id=indian_rice_exports stage=- duration_ms=-1.0
2026-08-12 19:34:28,712 INFO httpx event=HTTP Request: POST http://testserver/jobs "HTTP/1.1 200 OK" job_id=- template_id=- stage=- duration_ms=-1.0
2026-08-12 19:34:28,723 INFO app.api.routes.jobs event=report_requested job_id=0e97f706-ebd0-41ec-add1-9440df5ce811 template_id=indian_rice_exports stage=- duration_ms=-1.0
2026-08-12 19:34:28,725 ERROR app.api.errors event=System/Storage Error: Processing report not found {'job_id': '0e97f706-ebd0-41ec-add1-9440df5ce811'} job_id=- template_id=- stage=- duration_ms=-1.0
2026-08-12 19:34:28,728 INFO httpx event=HTTP Request: GET http://testserver/jobs/0e97f706-ebd0-41ec-add1-9440df5ce811/report "HTTP/1.1 500 Internal Server Error" job_id=- template_id=- stage=- duration_ms=-1.0
2026-08-12 19:34:29,776 INFO app.application.processing.service event=job_processing_completed job_id=job-1 template_id=indian_rice_exports stage=- duration_ms=-1.0
2026-08-12 19:34:29,905 INFO app.application.processing.service event=job_processing_failed job_id=job-1 template_id=indian_rice_exports stage=- duration_ms=-1.0
2026-08-12 19:34:30,480 INFO httpx event=HTTP Request: GET http://testserver/templates "HTTP/1.1 200 OK" job_id=- template_id=- stage=- duration_ms=-1.0
2026-08-12 19:34:30,531 INFO httpx event=HTTP Request: GET http://testserver/templates/indian_rice_exports "HTTP/1.1 200 OK" job_id=- template_id=- stage=- duration_ms=-1.0
2026-08-12 19:34:30,579 INFO httpx event=HTTP Request: GET http://testserver/templates/missing_template "HTTP/1.1 404 Not Found" job_id=- template_id=- stage=- duration_ms=-1.0
