2026-08-14 10:00:18,859 INFO app.api.routes.auth event=Registered new user 6374fba4-4bd0-4bc7-896b-f0487ef13624 job_id=- template_id=- stage=- duration_ms=-1.0
2026-08-14 10:00:18,862 INFO httpx event=HTTP Request: POST http://testserver/api/v1/auth/register "HTTP/1.1 200 OK" job_id=- template_id=- stage=- duration_ms=-1.0
2026-08-14 10:00:18,869 WARNING app.api.routes.auth event=Registration failed: Registration failed job_id=- template_id=- stage=- duration_ms=-1.0
2026-08-14 10:00:18,869 INFO httpx event=HTTP Request: POST http://testserver/api/v1/auth/register "HTTP/1.1 400 Bad Request" job_id=- template_id=- stage=- duration_ms=-1.0
2026-08-14 10:00:19,044 INFO app.api.routes.auth event=Registered new user f99f03fe-949e-4569-b95b-855ab76dbeab job_id=- template_id=- stage=- duration_ms=-1.0
2026-08-14 10:00:19,044 INFO httpx event=HTTP Request: POST http://testserver/api/v1/auth/register "HTTP/1.1 200 OK" job_id=- template_id=- stage=- duration_ms=-1.0
2026-08-14 10:00:19,178 INFO app.api.routes.auth event=User f99f03fe-949e-4569-b95b-855ab76dbeab logged in job_id=- template_id=- stage=- duration_ms=-1.0
2026-08-14 10:00:19,178 INFO httpx event=HTTP Request: POST http://testserver/api/v1/auth/login "HTTP/1.1 200 OK" job_id=- template_id=- stage=- duration_ms=-1.0
2026-08-14 10:00:19,311 WARNING app.api.routes.auth event=Login failed for email login_9c5e5e4d@example.com job_id=- template_id=- stage=- duration_ms=-1.0
2026-08-14 10:00:19,311 INFO httpx event=HTTP Request: POST http://testserver/api/v1/auth/login "HTTP/1.1 401 Unauthorized" job_id=- template_id=- stage=- duration_ms=-1.0
2026-08-14 10:00:19,344 INFO httpx event=HTTP Request: GET http://testserver/api/v1/auth/me "HTTP/1.1 401 Unauthorized" job_id=- template_id=- stage=- duration_ms=-1.0
2026-08-14 10:00:19,495 INFO app.api.routes.auth event=Registered new user c035f2a4-b79d-425d-acd7-9b3d3dd85bc4 job_id=- template_id=- stage=- duration_ms=-1.0
2026-08-14 10:00:19,495 INFO httpx event=HTTP Request: POST http://testserver/api/v1/auth/register "HTTP/1.1 200 OK" job_id=- template_id=- stage=- duration_ms=-1.0
2026-08-14 10:00:19,628 INFO app.api.routes.auth event=User c035f2a4-b79d-425d-acd7-9b3d3dd85bc4 logged in job_id=- template_id=- stage=- duration_ms=-1.0
2026-08-14 10:00:19,632 INFO httpx event=HTTP Request: POST http://testserver/api/v1/auth/login "HTTP/1.1 200 OK" job_id=- template_id=- stage=- duration_ms=-1.0
2026-08-14 10:00:19,640 INFO httpx event=HTTP Request: GET http://testserver/api/v1/auth/me "HTTP/1.1 200 OK" job_id=- template_id=- stage=- duration_ms=-1.0
2026-08-14 10:00:19,819 INFO app.api.routes.auth event=Registered new user 93c00962-9b7f-4c4c-a857-73de3fc3a6fa job_id=- template_id=- stage=- duration_ms=-1.0
2026-08-14 10:00:19,824 INFO httpx event=HTTP Request: POST http://testserver/api/v1/auth/register "HTTP/1.1 200 OK" job_id=- template_id=- stage=- duration_ms=-1.0
2026-08-14 10:00:19,971 INFO app.api.routes.auth event=User 93c00962-9b7f-4c4c-a857-73de3fc3a6fa logged in job_id=- template_id=- stage=- duration_ms=-1.0
2026-08-14 10:00:19,971 INFO httpx event=HTTP Request: POST http://testserver/api/v1/auth/login "HTTP/1.1 200 OK" job_id=- template_id=- stage=- duration_ms=-1.0
2026-08-14 10:00:19,978 INFO httpx event=HTTP Request: POST http://testserver/api/v1/auth/logout "HTTP/1.1 200 OK" job_id=- template_id=- stage=- duration_ms=-1.0
2026-08-14 10:00:19,996 INFO httpx event=HTTP Request: GET http://testserver/api/v1/auth/me "HTTP/1.1 401 Unauthorized" job_id=- template_id=- stage=- duration_ms=-1.0
2026-08-14 10:00:20,169 INFO app.api.routes.auth event=Registered new user e6f0df4f-dc35-4112-85ae-b786cf40f876 job_id=- template_id=- stage=- duration_ms=-1.0
2026-08-14 10:00:20,174 INFO httpx event=HTTP Request: POST http://testserver/api/v1/auth/register "HTTP/1.1 200 OK" job_id=- template_id=- stage=- duration_ms=-1.0
2026-08-14 10:00:20,330 INFO app.api.routes.auth event=User e6f0df4f-dc35-4112-85ae-b786cf40f876 logged in job_id=- template_id=- stage=- duration_ms=-1.0
2026-08-14 10:00:20,335 INFO httpx event=HTTP Request: POST http://testserver/api/v1/auth/login "HTTP/1.1 200 OK" job_id=- template_id=- stage=- duration_ms=-1.0
2026-08-14 10:00:20,371 WARNING app.api.security event=CSRF Failed! Cookie: c1e46bac-fab1-4a30-be45-6fa3f3c41c01, Header: None, URL: http://testserver/api/v1/jobs job_id=- template_id=- stage=- duration_ms=-1.0
2026-08-14 10:00:20,371 INFO httpx event=HTTP Request: POST http://testserver/api/v1/jobs "HTTP/1.1 403 Forbidden" job_id=- template_id=- stage=- duration_ms=-1.0
2026-08-14 10:00:20,385 WARNING app.api.security event=CSRF Failed! Cookie: c1e46bac-fab1-4a30-be45-6fa3f3c41c01, Header: badtoken, URL: http://testserver/api/v1/jobs job_id=- template_id=- stage=- duration_ms=-1.0
2026-08-14 10:00:20,389 INFO httpx event=HTTP Request: POST http://testserver/api/v1/jobs "HTTP/1.1 403 Forbidden" job_id=- template_id=- stage=- duration_ms=-1.0
2026-08-14 10:01:52,437 INFO app.application.processing.service event=job_processing_completed job_id=cd6a93a0-7f42-4e78-8aaf-8b0d699a99ee template_id=indian_rice_exports stage=- duration_ms=-1.0
2026-08-14 10:19:45,225 ERROR app.api.errors event=System/Storage Error: Disk full {'path': '/tmp/secret/file.txt'} job_id=- template_id=- stage=- duration_ms=-1.0
2026-08-14 10:19:45,230 INFO httpx event=HTTP Request: GET http://testserver/error/storage "HTTP/1.1 500 Internal Server Error" job_id=- template_id=- stage=- duration_ms=-1.0
2026-08-14 10:19:45,246 INFO httpx event=HTTP Request: GET http://testserver/error/validation "HTTP/1.1 400 Bad Request" job_id=- template_id=- stage=- duration_ms=-1.0
2026-08-14 10:19:45,262 INFO httpx event=HTTP Request: GET http://testserver/error/job-not-found "HTTP/1.1 404 Not Found" job_id=- template_id=- stage=- duration_ms=-1.0
2026-08-14 10:19:45,272 INFO app.application.jobs.service event=job_uploaded job_id=1 template_id=t1 stage=- duration_ms=-1.0
2026-08-14 10:19:45,577 INFO httpx event=HTTP Request: GET http://testserver/api/v1/auth/google/login "HTTP/1.1 307 Temporary Redirect" job_id=- template_id=- stage=- duration_ms=-1.0
2026-08-14 10:19:45,855 INFO httpx event=HTTP Request: GET http://testserver/api/v1/auth/google/login "HTTP/1.1 307 Temporary Redirect" job_id=- template_id=- stage=- duration_ms=-1.0
2026-08-14 10:19:45,905 INFO app.api.routes.auth event=User 67ea2aee-92b8-4521-a109-174f26041147 logged in via Google OAuth job_id=- template_id=- stage=- duration_ms=-1.0
2026-08-14 10:19:45,907 INFO httpx event=HTTP Request: GET http://testserver/api/v1/auth/google/callback?code=testcode&state=Rmyjdy1Lmc5qacGoFv-6CljcLgOa3V_IkoL87pEb3dg "HTTP/1.1 307 Temporary Redirect" job_id=- template_id=- stage=- duration_ms=-1.0
2026-08-14 10:19:46,180 INFO httpx event=HTTP Request: GET http://testserver/api/v1/auth/google/callback?code=testcode "HTTP/1.1 307 Temporary Redirect" job_id=- template_id=- stage=- duration_ms=-1.0
2026-08-14 10:19:46,192 INFO httpx event=HTTP Request: GET http://testserver/api/v1/auth/google/callback?code=testcode&state=wrong "HTTP/1.1 307 Temporary Redirect" job_id=- template_id=- stage=- duration_ms=-1.0
2026-08-14 10:19:46,456 INFO httpx event=HTTP Request: GET http://testserver/api/v1/auth/google/login "HTTP/1.1 307 Temporary Redirect" job_id=- template_id=- stage=- duration_ms=-1.0
2026-08-14 10:19:46,578 INFO app.api.routes.auth event=User ef71a8ef-13c8-4eed-b28f-f0cd939e1322 logged in via Google OAuth job_id=- template_id=- stage=- duration_ms=-1.0
2026-08-14 10:19:46,583 INFO httpx event=HTTP Request: GET http://testserver/api/v1/auth/google/callback?code=testcode&state=0JOC6OeFcxlEm3VyJ_3ArJTEkNUBbQ4YHUF_4Br3VyQ&next=https://evil.com "HTTP/1.1 307 Temporary Redirect" job_id=- template_id=- stage=- duration_ms=-1.0
2026-08-14 10:19:46,603 INFO httpx event=HTTP Request: GET http://testserver/health "HTTP/1.1 200 OK" job_id=- template_id=- stage=- duration_ms=-1.0
2026-08-14 10:19:46,758 INFO httpx event=HTTP Request: POST http://testserver/api/v1/jobs "HTTP/1.1 404 Not Found" job_id=- template_id=- stage=- duration_ms=-1.0
2026-08-14 10:19:48,525 INFO httpx event=HTTP Request: POST http://testserver/api/v1/jobs "HTTP/1.1 404 Not Found" job_id=- template_id=- stage=- duration_ms=-1.0
2026-08-14 10:19:48,661 INFO httpx event=HTTP Request: POST http://testserver/api/v1/jobs "HTTP/1.1 404 Not Found" job_id=- template_id=- stage=- duration_ms=-1.0
2026-08-14 10:19:48,871 INFO httpx event=HTTP Request: POST http://testserver/api/v1/jobs "HTTP/1.1 404 Not Found" job_id=- template_id=- stage=- duration_ms=-1.0
2026-08-14 10:19:49,039 INFO httpx event=HTTP Request: POST http://testserver/api/v1/jobs "HTTP/1.1 404 Not Found" job_id=- template_id=- stage=- duration_ms=-1.0
2026-08-14 10:19:49,475 INFO httpx event=HTTP Request: GET http://testserver/api/v1/jobs/missing-job "HTTP/1.1 404 Not Found" job_id=- template_id=- stage=- duration_ms=-1.0
2026-08-14 10:19:50,377 INFO httpx event=HTTP Request: POST http://testserver/api/v1/jobs "HTTP/1.1 404 Not Found" job_id=- template_id=- stage=- duration_ms=-1.0
2026-08-14 10:19:50,814 INFO httpx event=HTTP Request: POST http://testserver/api/v1/jobs/missing-job/process "HTTP/1.1 404 Not Found" job_id=- template_id=- stage=- duration_ms=-1.0
2026-08-14 10:19:50,959 INFO httpx event=HTTP Request: GET http://testserver/api/v1/jobs/missing-job/outputs/accepted "HTTP/1.1 404 Not Found" job_id=- template_id=- stage=- duration_ms=-1.0
2026-08-14 10:19:51,139 INFO httpx event=HTTP Request: POST http://testserver/api/v1/jobs "HTTP/1.1 404 Not Found" job_id=- template_id=- stage=- duration_ms=-1.0
2026-08-14 10:19:51,296 INFO httpx event=HTTP Request: GET http://testserver/api/v1/jobs/missing-job/report "HTTP/1.1 404 Not Found" job_id=- template_id=- stage=- duration_ms=-1.0
2026-08-14 10:19:51,440 INFO httpx event=HTTP Request: POST http://testserver/api/v1/jobs "HTTP/1.1 404 Not Found" job_id=- template_id=- stage=- duration_ms=-1.0
2026-08-14 10:19:51,848 INFO app.application.processing.service event=job_processing_completed job_id=job-1 template_id=indian_rice_exports stage=- duration_ms=-1.0
2026-08-14 10:19:51,983 INFO app.application.processing.service event=job_processing_failed job_id=job-1 template_id=indian_rice_exports stage=- duration_ms=-1.0
2026-08-14 10:19:52,062 INFO httpx event=HTTP Request: GET http://testserver/api/v1/templates "HTTP/1.1 200 OK" job_id=- template_id=- stage=- duration_ms=-1.0
2026-08-14 10:19:52,117 INFO httpx event=HTTP Request: GET http://testserver/api/v1/templates "HTTP/1.1 200 OK" job_id=- template_id=- stage=- duration_ms=-1.0
2026-08-14 10:19:52,164 INFO httpx event=HTTP Request: GET http://testserver/api/v1/templates "HTTP/1.1 200 OK" job_id=- template_id=- stage=- duration_ms=-1.0
2026-08-14 10:19:53,381 INFO httpx event=HTTP Request: GET http://testserver/api/v1/templates "HTTP/1.1 200 OK" job_id=- template_id=- stage=- duration_ms=-1.0
2026-08-14 10:19:53,433 INFO httpx event=HTTP Request: GET http://testserver/api/v1/templates/indian_rice_exports "HTTP/1.1 404 Not Found" job_id=- template_id=- stage=- duration_ms=-1.0
2026-08-14 10:19:53,482 INFO httpx event=HTTP Request: GET http://testserver/api/v1/templates/missing_template "HTTP/1.1 404 Not Found" job_id=- template_id=- stage=- duration_ms=-1.0
2026-08-14 10:19:53,646 INFO httpx event=HTTP Request: POST http://testserver/api/v1/jobs "HTTP/1.1 404 Not Found" job_id=- template_id=- stage=- duration_ms=-1.0
